******************************************************************************
               TMS320C6x Linker PC v8.3.6                      
******************************************************************************
>> Linked Sun Apr 26 11:27:11 2020

OUTPUT FILE NAME:   <CIRCULARCONV.out>
ENTRY POINT SYMBOL: "_c_int00"  address: 80000e40


MEMORY CONFIGURATION

         name            origin    length      used     unused   attr    fill
----------------------  --------  ---------  --------  --------  ----  --------
  DSPL2ROM              00700000   00100000  00000000  00100000  RWIX
  DSPL2RAM              00800000   00040000  00000000  00040000  RWIX
  DSPL1PRAM             00e00000   00008000  00000000  00008000  RWIX
  DSPL1DRAM             00f00000   00008000  00000000  00008000  RWIX
  SHDSPL2ROM            11700000   00100000  00000000  00100000  RWIX
  SHDSPL2RAM            11800000   00040000  00000000  00040000  RWIX
  SHDSPL1PRAM           11e00000   00008000  00000000  00008000  RWIX
  SHDSPL1DRAM           11f00000   00008000  00000000  00008000  RWIX
  EMIFACS0              40000000   20000000  00000000  20000000  RWIX
  EMIFACS2              60000000   02000000  00000000  02000000  RWIX
  EMIFACS3              62000000   02000000  00000000  02000000  RWIX
  EMIFACS4              64000000   02000000  00000000  02000000  RWIX
  EMIFACS5              66000000   02000000  00000000  02000000  RWIX
  SHRAM                 80000000   00020000  00000fcc  0001f034  RWIX
  DDR2                  c0000000   20000000  00000000  20000000  RWIX


SEGMENT ALLOCATION MAP

run origin  load origin   length   init length attrs members
----------  ----------- ---------- ----------- ----- -------
80000000    80000000    00000800   00000000    rw-
  80000000    80000000    00000800   00000000    rw- .stack
80000800    80000800    000007a0   000007a0    r-x
  80000800    80000800    000007a0   000007a0    r-x .text
80000fa0    80000fa0    0000000c   00000000    rw-
  80000fa0    80000fa0    0000000c   00000000    rw- .fardata
80000fb0    80000fb0    00000020   00000020    r--
  80000fb0    80000fb0    00000020   00000020    r-- .cinit


SECTION ALLOCATION MAP

 output                                  attributes/
section   page    origin      length       input sections
--------  ----  ----------  ----------   ----------------
.stack     0    80000000    00000800     UNINITIALIZED
                  80000000    00000008     rts6740_elf.lib : boot.c.obj (.stack)
                  80000008    000007f8     --HOLE--

.text      0    80000800    000007a0     
                  80000800    00000160     main.obj (.text)
                  80000960    00000100     rts6740_elf.lib : copy_decompress_rle.c.obj (.text:__TI_decompress_rle_core)
                  80000a60    000000e0                     : exit.c.obj (.text:exit)
                  80000b40    000000e0                     : memset.c.obj (.text:memset)
                  80000c20    000000c0                     : autoinit.c.obj (.text:__TI_auto_init_nobinit_nopinit:__TI_auto_init_nobinit_nopinit)
                  80000ce0    000000c0                     : tls.c.obj (.text:tls:init:__TI_tls_init)
                  80000da0    000000a0                     : memcpy64.asm.obj (.text:memcpy)
                  80000e40    00000080                     : boot.c.obj (.text:_c_int00)
                  80000ec0    00000040                     : args_main.c.obj (.text:_args_main)
                  80000f00    00000020                     : startup.c.obj (.text:_system_post_cinit)
                  80000f20    00000020                     : pre_init.c.obj (.text:_system_pre_init)
                  80000f40    00000020                     : exit.c.obj (.text:abort)
                  80000f60    00000020                     : copy_decompress_none.c.obj (.text:decompress:none:__TI_decompress_none)
                  80000f80    00000020                     : copy_decompress_rle.c.obj (.text:decompress:rle24:__TI_decompress_rle24)

.cinit     0    80000fb0    00000020     
                  80000fb0    0000000d     (.cinit..fardata.load) [load image, compression = rle]
                  80000fbd    00000003     --HOLE-- [fill = 0]
                  80000fc0    00000008     (__TI_handler_table)
                  80000fc8    00000008     (__TI_cinit_table)

.init_array 
*          0    80000000    00000000     UNINITIALIZED

.fardata   0    80000fa0    0000000c     UNINITIALIZED
                  80000fa0    0000000c     rts6740_elf.lib : exit.c.obj (.fardata)

MODULE SUMMARY

       Module                       code   ro data   rw data
       ------                       ----   -------   -------
    .\
       main.obj                     352    0         0      
    +--+----------------------------+------+---------+---------+
       Total:                       352    0         0      
                                                            
    C:\ti\ccs930\ccs\tools\compiler\ti-cgt-c6000_8.3.6\lib\rts6740_elf.lib
       copy_decompress_rle.c.obj    288    0         0      
       exit.c.obj                   256    0         12     
       memset.c.obj                 224    0         0      
       autoinit.c.obj               192    0         0      
       tls.c.obj                    192    0         0      
       memcpy64.asm.obj             160    0         0      
       boot.c.obj                   128    0         0      
       args_main.c.obj              64     0         0      
       copy_decompress_none.c.obj   32     0         0      
       pre_init.c.obj               32     0         0      
       startup.c.obj                32     0         0      
    +--+----------------------------+------+---------+---------+
       Total:                       1600   0         12     
                                                            
       Stack:                       0      0         2048   
       Linker Generated:            0      29        0      
    +--+----------------------------+------+---------+---------+
       Grand Total:                 1952   29        2060   


LINKER GENERATED COPY TABLES

__TI_cinit_table @ 80000fc8 records: 1, size/record: 8, table size: 8
	.fardata: load addr=80000fb0, load size=0000000d bytes, run addr=80000fa0, run size=0000000c bytes, compression=rle


LINKER GENERATED HANDLER TABLE

__TI_handler_table @ 80000fc0 records: 2, size/record: 4, table size: 8
	index: 0, handler: __TI_decompress_rle24
	index: 1, handler: __TI_decompress_none


GLOBAL SYMBOLS: SORTED ALPHABETICALLY BY Name 

address   name                           
-------   ----                           
80000f40  C$$EXIT                        
80000fc8  __TI_CINIT_Base                
80000fd0  __TI_CINIT_Limit               
80000fc0  __TI_Handler_Table_Base        
80000fc8  __TI_Handler_Table_Limit       
80000800  __TI_STACK_END                 
00000800  __TI_STACK_SIZE                
00000000  __TI_STATIC_BASE               
UNDEFED   __TI_TLS_INIT_Base             
UNDEFED   __TI_TLS_INIT_Limit            
80000c20  __TI_auto_init_nobinit_nopinit 
80000fa0  __TI_cleanup_ptr               
80000f60  __TI_decompress_none           
80000f80  __TI_decompress_rle24          
80000fa4  __TI_dtors_ptr                 
80000fa8  __TI_enable_exit_profile_output
ffffffff  __TI_pprof_out_hndl            
ffffffff  __TI_prof_data_size            
ffffffff  __TI_prof_data_start           
80000ce0  __TI_tls_init                  
ffffffff  __binit__                      
ffffffff  __c_args__                     
80000ec0  _args_main                     
80000e40  _c_int00                       
80000000  _stack                         
80000f00  _system_post_cinit             
80000f20  _system_pre_init               
80000f40  abort                          
ffffffff  binit                          
80000a60  exit                           
80000800  main                           
80000da0  memcpy                         
80000b40  memset                         


GLOBAL SYMBOLS: SORTED BY Symbol Address 

address   name                           
-------   ----                           
00000000  __TI_STATIC_BASE               
00000800  __TI_STACK_SIZE                
80000000  _stack                         
80000800  __TI_STACK_END                 
80000800  main                           
80000a60  exit                           
80000b40  memset                         
80000c20  __TI_auto_init_nobinit_nopinit 
80000ce0  __TI_tls_init                  
80000da0  memcpy                         
80000e40  _c_int00                       
80000ec0  _args_main                     
80000f00  _system_post_cinit             
80000f20  _system_pre_init               
80000f40  C$$EXIT                        
80000f40  abort                          
80000f60  __TI_decompress_none           
80000f80  __TI_decompress_rle24          
80000fa0  __TI_cleanup_ptr               
80000fa4  __TI_dtors_ptr                 
80000fa8  __TI_enable_exit_profile_output
80000fc0  __TI_Handler_Table_Base        
80000fc8  __TI_CINIT_Base                
80000fc8  __TI_Handler_Table_Limit       
80000fd0  __TI_CINIT_Limit               
ffffffff  __TI_pprof_out_hndl            
ffffffff  __TI_prof_data_size            
ffffffff  __TI_prof_data_start           
ffffffff  __binit__                      
ffffffff  __c_args__                     
ffffffff  binit                          
UNDEFED   __TI_TLS_INIT_Base             
UNDEFED   __TI_TLS_INIT_Limit            

[33 symbols]
