******************************************************************************
               TMS320C6x Linker PC v8.3.6                      
******************************************************************************
>> Linked Thu Jul 23 17:29:17 2020

OUTPUT FILE NAME:   <MIC_AUDIO.out>
ENTRY POINT SYMBOL: "_c_int00"  address: 800023a0


MEMORY CONFIGURATION

         name            origin    length      used     unused   attr    fill
----------------------  --------  ---------  --------  --------  ----  --------
  DSPL2ROM              00700000   00100000  00000000  00100000  RWIX
  DSPL2RAM              00800000   00040000  00000000  00040000  RWIX
  DSPL1PRAM             00e00000   00008000  00000000  00008000  RWIX
  DSPL1DRAM             00f00000   00008000  00000000  00008000  RWIX
  SHDSPL2ROM            11700000   00100000  00000000  00100000  RWIX
  SHDSPL2RAM            11800000   00040000  00000000  00040000  RWIX
  SHDSPL1PRAM           11e00000   00008000  00000000  00008000  RWIX
  SHDSPL1DRAM           11f00000   00008000  00000000  00008000  RWIX
  EMIFACS0              40000000   20000000  00000000  20000000  RWIX
  EMIFACS2              60000000   02000000  00000000  02000000  RWIX
  EMIFACS3              62000000   02000000  00000000  02000000  RWIX
  EMIFACS4              64000000   02000000  00000000  02000000  RWIX
  EMIFACS5              66000000   02000000  00000000  02000000  RWIX
  SHRAM                 80000000   00020000  00002d50  0001d2b0  RWIX
  DDR2                  c0000000   20000000  00000000  20000000  RWIX


SEGMENT ALLOCATION MAP

run origin  load origin   length   init length attrs members
----------  ----------- ---------- ----------- ----- -------
80000000    80000000    00002500   00002500    r-x
  80000000    80000000    00002500   00002500    r-x .text
80002500    80002500    00000800   00000000    rw-
  80002500    80002500    00000800   00000000    rw- .stack
80002d00    80002d00    00000010   00000010    r--
  80002d00    80002d00    00000010   00000010    r-- .switch
80002d10    80002d10    00000010   00000000    rw-
  80002d10    80002d10    0000000c   00000000    rw- .fardata
  80002d1c    80002d1c    00000004   00000000    rw- .bss
80002d20    80002d20    00000030   00000030    r--
  80002d20    80002d20    00000030   00000030    r-- .cinit


SECTION ALLOCATION MAP

 output                                  attributes/
section   page    origin      length       input sections
--------  ----  ----------  ----------   ----------------
.text      0    80000000    00002500     
                  80000000    00000fa0     VSK_6748.obj (.text)
                  80000fa0    00000e60     main.obj (.text)
                  80001e00    00000100     rts6740_elf.lib : copy_decompress_rle.c.obj (.text:__TI_decompress_rle_core)
                  80001f00    000000e0                     : exit.c.obj (.text:exit)
                  80001fe0    000000e0                     : memset.c.obj (.text:memset)
                  800020c0    000000c0                     : autoinit.c.obj (.text:__TI_auto_init_nobinit_nopinit:__TI_auto_init_nobinit_nopinit)
                  80002180    000000c0                     : divu.asm.obj (.text:__divu)
                  80002240    000000c0                     : tls.c.obj (.text:tls:init:__TI_tls_init)
                  80002300    000000a0                     : memcpy64.asm.obj (.text:memcpy)
                  800023a0    00000080                     : boot.c.obj (.text:_c_int00)
                  80002420    00000040                     : args_main.c.obj (.text:_args_main)
                  80002460    00000020                     : startup.c.obj (.text:_system_post_cinit)
                  80002480    00000020                     : pre_init.c.obj (.text:_system_pre_init)
                  800024a0    00000020                     : exit.c.obj (.text:abort)
                  800024c0    00000020                     : copy_decompress_none.c.obj (.text:decompress:none:__TI_decompress_none)
                  800024e0    00000020                     : copy_decompress_rle.c.obj (.text:decompress:rle24:__TI_decompress_rle24)

.stack     0    80002500    00000800     UNINITIALIZED
                  80002500    00000008     rts6740_elf.lib : boot.c.obj (.stack)
                  80002508    000007f8     --HOLE--

.bss       0    80002d1c    00000004     UNINITIALIZED
                  80002d1c    00000004     main.obj (.bss)

.switch    0    80002d00    00000010     
                  80002d00    00000010     VSK_6748.obj (.switch:SPI_init)

.cinit     0    80002d20    00000030     
                  80002d20    0000000d     (.cinit..fardata.load) [load image, compression = rle]
                  80002d2d    00000009     (.cinit..bss.load) [load image, compression = rle]
                  80002d36    00000002     --HOLE-- [fill = 0]
                  80002d38    00000008     (__TI_handler_table)
                  80002d40    00000010     (__TI_cinit_table)

.init_array 
*          0    80000000    00000000     UNINITIALIZED

.fardata   0    80002d10    0000000c     UNINITIALIZED
                  80002d10    0000000c     rts6740_elf.lib : exit.c.obj (.fardata)

MODULE SUMMARY

       Module                       code   ro data   rw data
       ------                       ----   -------   -------
    .\
       VSK_6748.obj                 4000   16        0      
       main.obj                     3680   0         4      
    +--+----------------------------+------+---------+---------+
       Total:                       7680   16        4      
                                                            
    C:\ti\ccs1010\ccs\tools\compiler\ti-cgt-c6000_8.3.6\lib\rts6740_elf.lib
       copy_decompress_rle.c.obj    288    0         0      
       exit.c.obj                   256    0         12     
       memset.c.obj                 224    0         0      
       autoinit.c.obj               192    0         0      
       divu.asm.obj                 192    0         0      
       tls.c.obj                    192    0         0      
       memcpy64.asm.obj             160    0         0      
       boot.c.obj                   128    0         0      
       args_main.c.obj              64     0         0      
       copy_decompress_none.c.obj   32     0         0      
       pre_init.c.obj               32     0         0      
       startup.c.obj                32     0         0      
    +--+----------------------------+------+---------+---------+
       Total:                       1792   0         12     
                                                            
       Stack:                       0      0         2048   
       Linker Generated:            0      46        0      
    +--+----------------------------+------+---------+---------+
       Grand Total:                 9472   62        2064   


LINKER GENERATED COPY TABLES

__TI_cinit_table @ 80002d40 records: 2, size/record: 8, table size: 16
	.fardata: load addr=80002d20, load size=0000000d bytes, run addr=80002d10, run size=0000000c bytes, compression=rle
	.bss: load addr=80002d2d, load size=00000009 bytes, run addr=80002d1c, run size=00000004 bytes, compression=rle


LINKER GENERATED HANDLER TABLE

__TI_handler_table @ 80002d38 records: 2, size/record: 4, table size: 8
	index: 0, handler: __TI_decompress_rle24
	index: 1, handler: __TI_decompress_none


GLOBAL SYMBOLS: SORTED ALPHABETICALLY BY Name 

address   name                           
-------   ----                           
80001108  AIC3106_init                   
80001220  AIC3106_readRegister           
80001274  AIC3106_writeRegister          
800024a0  C$$EXIT                        
800003cc  EVMC6748_enableDsp             
80000000  EVMC6748_init                  
8000022c  EVMC6748_initRAM               
80000480  EVMC6748_lpscTransition        
800003f8  EVMC6748_pinmuxConfig          
800013a4  I2CGPIO_getInput               
800014cc  I2CGPIO_getInputAll            
800012c0  I2CGPIO_init                   
800015e8  I2CGPIO_setOutput              
80001740  I2CGPIO_setOutputAll           
800017cc  I2C_init                       
800018c0  I2C_read                       
80001a20  I2C_write                      
80000fb4  MCASP_init                     
80000c38  SPI_init                       
80000f24  Spi_inti                       
80000128  USTIMER_delay                  
800001f4  USTIMER_get                    
8000002c  USTIMER_init                   
800001c4  USTIMER_reset                  
8000020c  USTIMER_set                    
80000fa0  UTIL_isUIBoardAttached         
80002d40  __TI_CINIT_Base                
80002d50  __TI_CINIT_Limit               
80002d38  __TI_Handler_Table_Base        
80002d40  __TI_Handler_Table_Limit       
80002d00  __TI_STACK_END                 
00000800  __TI_STACK_SIZE                
80002d1c  __TI_STATIC_BASE               
UNDEFED   __TI_TLS_INIT_Base             
UNDEFED   __TI_TLS_INIT_Limit            
800020c0  __TI_auto_init_nobinit_nopinit 
80002d10  __TI_cleanup_ptr               
800024c0  __TI_decompress_none           
800024e0  __TI_decompress_rle24          
80002d14  __TI_dtors_ptr                 
80002d18  __TI_enable_exit_profile_output
ffffffff  __TI_pprof_out_hndl            
ffffffff  __TI_prof_data_size            
ffffffff  __TI_prof_data_start           
80002240  __TI_tls_init                  
ffffffff  __binit__                      
80002180  __c6xabi_divu                  
ffffffff  __c_args__                     
80002180  __divu                         
80002420  _args_main                     
800023a0  _c_int00                       
80002500  _stack                         
80002460  _system_post_cinit             
80002480  _system_pre_init               
800024a0  abort                          
ffffffff  binit                          
800007e4  config_pll0                    
80000a48  config_pll1                    
80001f00  exit                           
80001d78  main                           
80002300  memcpy                         
80001fe0  memset                         


GLOBAL SYMBOLS: SORTED BY Symbol Address 

address   name                           
-------   ----                           
00000800  __TI_STACK_SIZE                
80000000  EVMC6748_init                  
8000002c  USTIMER_init                   
80000128  USTIMER_delay                  
800001c4  USTIMER_reset                  
800001f4  USTIMER_get                    
8000020c  USTIMER_set                    
8000022c  EVMC6748_initRAM               
800003cc  EVMC6748_enableDsp             
800003f8  EVMC6748_pinmuxConfig          
80000480  EVMC6748_lpscTransition        
800007e4  config_pll0                    
80000a48  config_pll1                    
80000c38  SPI_init                       
80000f24  Spi_inti                       
80000fa0  UTIL_isUIBoardAttached         
80000fb4  MCASP_init                     
80001108  AIC3106_init                   
80001220  AIC3106_readRegister           
80001274  AIC3106_writeRegister          
800012c0  I2CGPIO_init                   
800013a4  I2CGPIO_getInput               
800014cc  I2CGPIO_getInputAll            
800015e8  I2CGPIO_setOutput              
80001740  I2CGPIO_setOutputAll           
800017cc  I2C_init                       
800018c0  I2C_read                       
80001a20  I2C_write                      
80001d78  main                           
80001f00  exit                           
80001fe0  memset                         
800020c0  __TI_auto_init_nobinit_nopinit 
80002180  __c6xabi_divu                  
80002180  __divu                         
80002240  __TI_tls_init                  
80002300  memcpy                         
800023a0  _c_int00                       
80002420  _args_main                     
80002460  _system_post_cinit             
80002480  _system_pre_init               
800024a0  C$$EXIT                        
800024a0  abort                          
800024c0  __TI_decompress_none           
800024e0  __TI_decompress_rle24          
80002500  _stack                         
80002d00  __TI_STACK_END                 
80002d10  __TI_cleanup_ptr               
80002d14  __TI_dtors_ptr                 
80002d18  __TI_enable_exit_profile_output
80002d1c  __TI_STATIC_BASE               
80002d38  __TI_Handler_Table_Base        
80002d40  __TI_CINIT_Base                
80002d40  __TI_Handler_Table_Limit       
80002d50  __TI_CINIT_Limit               
ffffffff  __TI_pprof_out_hndl            
ffffffff  __TI_prof_data_size            
ffffffff  __TI_prof_data_start           
ffffffff  __binit__                      
ffffffff  __c_args__                     
ffffffff  binit                          
UNDEFED   __TI_TLS_INIT_Base             
UNDEFED   __TI_TLS_INIT_Limit            

[62 symbols]
